// Jest Snapshot v1, https://goo.gl/fbAQLP

exports[`<Button /> Rendering should render Footer correctly in debug mode 1`] = `<button />`;
