// Jest Snapshot v1, https://goo.gl/fbAQLP

exports[`<Signin /> Rendering should render signin page correctly 1`] = `
<Router
  history={
    Object {
      "action": "POP",
      "block": [Function],
      "createHref": [Function],
      "go": [Function],
      "goBack": [Function],
      "goForward": [Function],
      "length": 1,
      "listen": [Function],
      "location": Object {
        "hash": "",
        "pathname": "/",
        "search": "",
        "state": undefined,
      },
      "push": [Function],
      "replace": [Function],
    }
  }
>
  <Connect(Signin) />
</Router>
`;

exports[`<Signin /> Rendering should render signin page correctly with its children 1`] = `
<Provider
  store={
    Object {
      "dispatch": [Function],
      "getState": [Function],
      "replaceReducer": [Function],
      "subscribe": [Function],
      Symbol(observable): [Function],
    }
  }
>
  <BrowserRouter>
    <Router
      history={
        Object {
          "action": "POP",
          "block": [Function],
          "createHref": [Function],
          "go": [Function],
          "goBack": [Function],
          "goForward": [Function],
          "length": 1,
          "listen": [Function],
          "location": Object {
            "hash": "",
            "pathname": "/",
            "search": "",
            "state": undefined,
          },
          "push": [Function],
          "replace": [Function],
        }
      }
    >
      <Connect(Signin)
        store={
          Object {
            "dispatch": [Function],
            "getState": [Function],
            "replaceReducer": [Function],
            "subscribe": [Function],
            Symbol(observable): [Function],
          }
        }
      >
        <Signin
          error={null}
          fetched={false}
          fetching={false}
          signinAction={[Function]}
          store={
            Object {
              "dispatch": [Function],
              "getState": [Function],
              "replaceReducer": [Function],
              "subscribe": [Function],
              Symbol(observable): [Function],
            }
          }
          user={Object {}}
        >
          <div
            className="container home-con"
          >
            <Connect(NavBar)>
              <NavBar
                isAuthenticated={false}
              >
                <header>
                  <div
                    className="app-name"
                  >
                    <Link
                      to="/"
                    >
                      <a
                        href="/"
                        onClick={[Function]}
                      >
                        <h2>
                          POLITICO
                        </h2>
                      </a>
                    </Link>
                  </div>
                  <div
                    className="sign-btn"
                  >
                    <span
                      className="home-btn"
                    >
                      <span
                        className="home-btn"
                      >
                        <Link
                          to="/signup"
                        >
                          <a
                            href="/signup"
                            onClick={[Function]}
                          >
                            <Button
                              className="btn nav-btn"
                              value="Sign Up"
                            >
                              <button
                                className="btn nav-btn"
                              >
                                Sign Up
                              </button>
                            </Button>
                          </a>
                        </Link>
                        <Link
                          to="/login"
                        >
                          <a
                            href="/login"
                            onClick={[Function]}
                          >
                            <Button
                              className="btn nav-btn"
                              value="Login"
                            >
                              <button
                                className="btn nav-btn"
                              >
                                Login
                              </button>
                            </Button>
                          </a>
                        </Link>
                      </span>
                    </span>
                  </div>
                </header>
              </NavBar>
            </Connect(NavBar)>
            <div
              className="item-box"
            >
              <div
                className="header authform-header"
              >
                <h2>
                  Sign In
                </h2>
              </div>
              <form
                id="signup-form"
                onSubmit={[Function]}
              >
                <InputForm
                  id="email"
                  labelName="Email"
                  name="email"
                  onChange={[Function]}
                  pattern="^[\\\\w.]+@[\\\\w]{2,20}.[a-z]{2,10}$"
                  placeholder="Email"
                  required={true}
                  title="must be a valid email"
                  type="email"
                >
                  <div>
                    <label
                      htmlFor="email"
                    >
                      Email
                    </label>
                    <input
                      id="email"
                      name="email"
                      onChange={[Function]}
                      pattern="^[\\\\w.]+@[\\\\w]{2,20}.[a-z]{2,10}$"
                      placeholder="Email"
                      required={true}
                      title="must be a valid email"
                      type="email"
                    />
                  </div>
                </InputForm>
                <InputForm
                  autoComplete="off"
                  id="password"
                  labelName="Password"
                  name="password"
                  onChange={[Function]}
                  pattern="^[\\\\w]{8,20}$"
                  required={true}
                  title="password is required and must be more than 8 character"
                  type="password"
                >
                  <div>
                    <label
                      htmlFor="password"
                    >
                      Password
                    </label>
                    <input
                      autoComplete="off"
                      id="password"
                      name="password"
                      onChange={[Function]}
                      pattern="^[\\\\w]{8,20}$"
                      required={true}
                      title="password is required and must be more than 8 character"
                      type="password"
                    />
                  </div>
                </InputForm>
                <div
                  className="btn-con"
                >
                  <Button
                    className="btn btn-success"
                    id="login"
                    type="submit"
                    value="Login"
                  >
                    <button
                      className="btn btn-success"
                      id="login"
                      type="submit"
                    >
                      Login
                    </button>
                  </Button>
                </div>
              </form>
            </div>
          </div>
        </Signin>
      </Connect(Signin)>
    </Router>
  </BrowserRouter>
</Provider>
`;
